==================
WARNING: DATA RACE
Write at 0x00c0000c8010 by goroutine 9:
  debug/tparse-24.TestRace1.func1()
      /Users/michael.fridman/go/src/debug/tparse-24/some_test.go:8 +0x38

Previous write at 0x00c0000c8010 by goroutine 6:
  debug/tparse-24.TestRace1()
      /Users/michael.fridman/go/src/debug/tparse-24/some_test.go:9 +0x96
  testing.tRunner()
      /usr/local/go/src/testing/testing.go:827 +0x162

Goroutine 9 (running) created at:
  debug/tparse-24.TestRace1()
      /Users/michael.fridman/go/src/debug/tparse-24/some_test.go:8 +0x88
  testing.tRunner()
      /usr/local/go/src/testing/testing.go:827 +0x162

Goroutine 6 (finished) created at:
  testing.(*T).Run()
      /usr/local/go/src/testing/testing.go:878 +0x650
  testing.runTests.func1()
      /usr/local/go/src/testing/testing.go:1119 +0xa8
  testing.tRunner()
      /usr/local/go/src/testing/testing.go:827 +0x162
  testing.runTests()
      /usr/local/go/src/testing/testing.go:1117 +0x4ee
  testing.(*M).Run()
      /usr/local/go/src/testing/testing.go:1034 +0x2ee
  main.main()
      _testmain.go:44 +0x221
==================
Found 1 data race(s)
FAIL	debug/tparse-24	1.017s
